*I,RUNLD: Successfully loaded run /home/student/aszydlowska/VDIC/lab03/cov_work/scope/lab01.
*I,MERGL1: Merging Simulation Coverage ...
----------------------------
*I,MERGL1: Preparing target model ...
*I,MERGL1: Reading model of primary run (cov_work/scope/lab01) as initial model: cov_work/scope/icc_527336c6_02f50637.ucm
*I,MERGL1: Target model generated successfully.
*I,MERGL1: Projecting Simulation ucd data into the target model ...
*I,MERGL2:   cov_work/scope/lab01:
*I,MERGL3:       Data is projected in to the target model.
*I,MERGL1: Writing output database cov_work/scope/merged_results:
*I,MERGL2:   Model: cov_work/scope/merged_results/icc_527336c6_02f50637.ucm
*I,MERGL2:   Data : cov_work/scope/merged_results/icc_527336c6_02f50637.ucd
*I,MERGL1: No Specman coverage databases found in the runs.
Total conflicts during target model creation: 0
Total items not merged                      : 0
Total runs not considered during target model creation: 0
Total runs not merged                                 : 0
*I,RUNLD: Successfully loaded run /home/student/aszydlowska/VDIC/lab03/cov_work/scope/merged_results.
*W,REPDEP: This is a legacy report and no future enhancement is planned for this report. It is recommended that you use the 'report_metrics' command and generate a dynamic report.
name                                     Overall Average      Overall Covered      Code Average         Code Covered         Fsm Average          Fsm Covered          Functional Average   Functional Covered   
-----------------------------------------------------------------------------------------------------------------------------------------------------------------------------------------------------------------
top                                      n/a                  n/a                  n/a                  n/a                  n/a                  n/a                  n/a                  n/a                  
|--bfm                                   94.88%               88.94% (354/398)     94.88%               88.94% (354/398)     n/a                  n/a                  n/a                  n/a                  
|--tester_i                              96.04%               94.92% (336/354)     96.04%               94.92% (336/354)     n/a                  n/a                  n/a                  n/a                  
|--coverage_i                            99.68%               99.42% (170/171)     99.37%               98.82% (84/85)       n/a                  n/a                  100.00%              100.00% (86/86)      
|--scoreboard_i                          96.90%               95.18% (237/249)     93.80%               95.06% (231/243)     n/a                  n/a                  100.00%              100.00% (6/6)        
|--ALU                                   98.21%               98.21% (55/56)       98.21%               98.21% (55/56)       n/a                  n/a                  n/a                  n/a                  
